curl \
	--header "X-Cool: ball lightning" \
	"https://foureyes.me"